------------------------------------------------------------
TimeQuest Timing Analyzer Summary
------------------------------------------------------------

Type  : Slow 1200mV 85C Model Setup 'clkin_50'
Slack : -2.338
TNS   : -36.429

Type  : Slow 1200mV 85C Model Setup 'bin_counter[23]'
Slack : -0.182
TNS   : -1.366

Type  : Slow 1200mV 85C Model Hold 'clkin_50'
Slack : 0.380
TNS   : 0.000

Type  : Slow 1200mV 85C Model Hold 'bin_counter[23]'
Slack : 0.479
TNS   : 0.000

Type  : Slow 1200mV 85C Model Minimum Pulse Width 'clkin_50'
Slack : -3.000
TNS   : -38.688

Type  : Slow 1200mV 85C Model Minimum Pulse Width 'bin_counter[23]'
Slack : -1.487
TNS   : -11.896

Type  : Slow 1200mV 0C Model Setup 'clkin_50'
Slack : -2.003
TNS   : -30.779

Type  : Slow 1200mV 0C Model Setup 'bin_counter[23]'
Slack : -0.085
TNS   : -0.612

Type  : Slow 1200mV 0C Model Hold 'clkin_50'
Slack : 0.340
TNS   : 0.000

Type  : Slow 1200mV 0C Model Hold 'bin_counter[23]'
Slack : 0.454
TNS   : 0.000

Type  : Slow 1200mV 0C Model Minimum Pulse Width 'clkin_50'
Slack : -3.000
TNS   : -38.688

Type  : Slow 1200mV 0C Model Minimum Pulse Width 'bin_counter[23]'
Slack : -1.487
TNS   : -11.896

Type  : Fast 1200mV 0C Model Setup 'clkin_50'
Slack : -0.499
TNS   : -1.769

Type  : Fast 1200mV 0C Model Setup 'bin_counter[23]'
Slack : 0.503
TNS   : 0.000

Type  : Fast 1200mV 0C Model Hold 'clkin_50'
Slack : 0.155
TNS   : 0.000

Type  : Fast 1200mV 0C Model Hold 'bin_counter[23]'
Slack : 0.173
TNS   : 0.000

Type  : Fast 1200mV 0C Model Minimum Pulse Width 'clkin_50'
Slack : -3.000
TNS   : -31.068

Type  : Fast 1200mV 0C Model Minimum Pulse Width 'bin_counter[23]'
Slack : -1.000
TNS   : -8.000

------------------------------------------------------------
